// Jest Snapshot v1, https://goo.gl/fbAQLP

exports[`renders correctly 1`] = `
<sc-help-tooltip>
  <div class="help-icon" tabindex="-1">
    <svg height="25px" viewBox="0 0 30 30" width="25px">
      <defs>
        <path d="M14.8742857,24.7485714 C20.3277031,24.7485714 24.7485714,20.3277031 24.7485714,14.8742857 C24.7485714,9.4208683 20.3277031,5 14.8742857,5 C9.4208683,5 5,9.4208683 5,14.8742857 C5,20.3277031 9.4208683,24.7485714 14.8742857,24.7485714 Z M13.64,18.5771429 L16.1566605,18.5771429 L16.1566605,21.0457143 L13.64,21.0457143 L13.64,18.5771429 Z M10.7019512,12.6821943 C10.7134712,12.0601112 10.8200302,11.4898769 11.0216312,10.9714743 C11.2232322,10.4530717 11.5054693,10.0037962 11.8683512,9.62363429 C12.231233,9.24347238 12.6689886,8.94683535 13.1816312,8.73371429 C13.6942737,8.52059322 14.267388,8.41403429 14.9009912,8.41403429 C15.7189152,8.41403429 16.4014684,8.52635316 16.9486712,8.75099429 C17.4958739,8.97563541 17.9365095,9.25499262 18.2705912,9.58907429 C18.6046728,9.92315596 18.8437104,10.2831524 18.9877112,10.6690743 C19.1317119,11.0549962 19.2037112,11.4149926 19.2037112,11.7490743 C19.2037112,12.3020371 19.1317119,12.7570725 18.9877112,13.1141943 C18.8437104,13.4713161 18.6651522,13.776593 18.4520312,14.0300343 C18.2389101,14.2834756 18.0027525,14.4994734 17.7435512,14.6780343 C17.4843499,14.8565952 17.2395523,15.0351534 17.0091512,15.2137143 C16.77875,15.3922752 16.5742721,15.5967531 16.3957112,15.8271543 C16.2171503,16.0575554 16.1546517,16.3455526 16.1085714,16.6911543 L16.1085714,17.3477943 L13.64,17.3477943 L13.64,16.5701943 C13.64,15.9718011 13.7557976,15.6706595 13.9113184,15.3365778 C14.0668391,15.0024962 14.3480301,14.7068355 14.5553912,14.4706743 C14.7627522,14.2345131 14.98163,14.0300351 15.2120312,13.8572343 C15.4424323,13.6844334 15.6555502,13.5116351 15.8513912,13.3388343 C16.0472321,13.1660334 16.2056306,12.9759553 16.3265912,12.7685943 C16.4475518,12.5612332 16.5022712,12.3020358 16.4907512,11.9909943 C16.4907512,11.4610716 16.3611525,11.0693956 16.1019512,10.8159543 C15.8427499,10.562513 15.4827535,10.4357943 15.0219512,10.4357943 C14.7109096,10.4357943 14.4430723,10.4962737 14.2184312,10.6172343 C13.99379,10.7381949 13.8094719,10.8994733 13.6654712,11.1010743 C13.5214704,11.3026753 13.4149115,11.5388329 13.3457912,11.8095543 C13.2766708,12.0802756 13.2421112,12.3711527 13.2421112,12.6821943 L10.7019512,12.6821943 Z" id="path-1"></path>
      </defs>
      <g fill="none">
        <rect height="30" width="30" x="0" y="0"></rect>
        <mask fill="white" id="mask-2">
          <use xlink:href="#path-1"></use>
        </mask>
        <g id="Oval"></g>
        <g fill="#DEE0E2" mask="url(#mask-2)">
          <rect height="30" width="30" x="0" y="0"></rect>
        </g>
      </g>
    </svg>
    <div class="awsui awsui-util-container" role="tooltip" style="display: none;">
      <div class="awsui-util-spacing-v-s">
        <p>
          msg
        </p>
      </div>
    </div>
  </div>
</sc-help-tooltip>
`;
